5Y9L5NBINV4|https://cdn.byo.host/restricted/4294929430/94f23c4b-1721-4ffe-bfed-90f86d07611a/3f293e6d-65a8-41c6-887d-6c6260aea8b8/video.mpd
OD08BC26QaM|https://cdn.byo.host/restricted/4294929430/94f23c4b-1721-4ffe-bfed-90f86d07611a/9f26bcef-555d-4c70-843e-efb16ad35e06/video.mpd
2BqKA3DOilk|https://cdn.byo.host/restricted/4294929430/94f23c4b-1721-4ffe-bfed-90f86d07611a/0de6392e-ef06-4f8d-bd25-efbc8e0e75cd/video.mpd
L6Now-gHtx0|https://cdn.byo.host/restricted/4294929430/94f23c4b-1721-4ffe-bfed-90f86d07611a/806b1f93-acdb-4a89-8052-7f15030ff39a/video.mpd
3g246c6Bv58|https://cdn.byo.host/restricted/4294929430/94f23c4b-1721-4ffe-bfed-90f86d07611a/3e061f75-27ca-423b-a62b-de441de94753/video.mpd
1L7EI0vKVuU|https://cdn.byo.host/restricted/4294929430/94f23c4b-1721-4ffe-bfed-90f86d07611a/3cd9a936-d3e5-48f9-a089-82895dcf0176/video.mpd
tMDKeBaLWDw|https://cdn.byo.host/restricted/4294929430/94f23c4b-1721-4ffe-bfed-90f86d07611a/59da0104-5374-4fe1-8619-520dd1393137/video.mpd
mnYSMhR3jCI|https://cdn.byo.host/restricted/4294929430/94f23c4b-1721-4ffe-bfed-90f86d07611a/46add3e2-2fe2-4db5-a912-f1d06d7cf45a/video.mpd
dbHj-Q1FTj8|https://cdn.byo.host/restricted/4294929430/94f23c4b-1721-4ffe-bfed-90f86d07611a/1134394e-1008-4731-8913-addcdcfee38d/video.mpd
-QYIm5WV04I|https://cdn.byo.host/restricted/4294929430/94f23c4b-1721-4ffe-bfed-90f86d07611a/fd87bf40-5ba5-4581-af6d-0a007ab97d6f/video.mpd
JhOU3FOyApM|https://cdn.byo.host/restricted/4294929430/94f23c4b-1721-4ffe-bfed-90f86d07611a/e0f73496-4064-4dcd-abe9-4fd2cbf26be9/video.mpd
oBcHf_eeYt4|https://cdn.byo.host/restricted/4294929430/94f23c4b-1721-4ffe-bfed-90f86d07611a/8b809b69-fae9-431e-a878-99f25ff825b0/video.mpd
AgKaHTh-_Gs|https://cdn.byo.host/restricted/4294929430/94f23c4b-1721-4ffe-bfed-90f86d07611a/051587db-2765-4bd0-82f9-ff430ed506de/video.mpd
myxVsYI4WZk|https://cdn.byo.host/restricted/4294929430/94f23c4b-1721-4ffe-bfed-90f86d07611a/4666fec0-526d-4743-b0d4-9eac901106c5/video.mpd
Qr28zMXQ3bU|https://cdn.byo.host/restricted/4294929430/94f23c4b-1721-4ffe-bfed-90f86d07611a/dae3243e-2b6c-45a1-a4f4-3576cc751acd/video.mpd
mbKAwk-OG_w|https://cdn.byo.host/restricted/4294929430/94f23c4b-1721-4ffe-bfed-90f86d07611a/c4f6e3a9-165a-46e2-adea-63733dd58811/video.mpd
4RaCURU6A2o|https://cdn.byo.host/restricted/4294929430/94f23c4b-1721-4ffe-bfed-90f86d07611a/03ca8c65-456a-4f5c-b86e-cfdbdd369dd9/video.mpd
HjsaNE0Mtco|https://cdn.byo.host/restricted/4294929430/94f23c4b-1721-4ffe-bfed-90f86d07611a/7e311a8f-fd77-4392-af48-e39358ec56c0/video.mpd
08nHuUbt8SQ|https://cdn.byo.host/restricted/4294929430/94f23c4b-1721-4ffe-bfed-90f86d07611a/9a487119-7394-4319-85f9-d81851040872/video.mpd
4-jNnr0zhFU|https://cdn.byo.host/restricted/4294929430/94f23c4b-1721-4ffe-bfed-90f86d07611a/cd6a9699-3dad-4fd1-8253-35d60104fd2f/video.mpd
I6As7KhrFQ4|https://cdn.byo.host/restricted/4294929430/94f23c4b-1721-4ffe-bfed-90f86d07611a/588bb4c8-33f5-4496-8559-afc70327d9db/video.mpd
akBpQ-A7mCQ|https://cdn.byo.host/restricted/4294929430/94f23c4b-1721-4ffe-bfed-90f86d07611a/d81e37c8-599e-40cf-950b-6f8e7c7ae01a/video.mpd
U7qF0_SyFAY|https://cdn.byo.host/restricted/4294929430/94f23c4b-1721-4ffe-bfed-90f86d07611a/d44d9ae1-be7f-453d-8b79-ee5a458a7724/video.mpd
0ZhbURd6xvU|https://cdn.byo.host/restricted/4294929430/94f23c4b-1721-4ffe-bfed-90f86d07611a/7c7bd25c-d7fd-449c-b8c8-d864844fd168/video.mpd
DlGQDGR1FFk|https://cdn.byo.host/restricted/4294929430/94f23c4b-1721-4ffe-bfed-90f86d07611a/2e56a2df-8337-42bb-bbb7-bbb771faea51/video.mpd
wK7XjHbt4Z0|https://cdn.byo.host/restricted/4294929430/94f23c4b-1721-4ffe-bfed-90f86d07611a/5d28e88d-0bd5-4156-bb1c-556b543d0e37/video.mpd
5cPzNmtoZDU|https://cdn.byo.host/restricted/4294929430/94f23c4b-1721-4ffe-bfed-90f86d07611a/9915821b-93b5-4cb5-9ffe-f52e28fba7f5/video.mpd
O7hhNl4sR-4|https://cdn.byo.host/restricted/4294929430/94f23c4b-1721-4ffe-bfed-90f86d07611a/e577a91b-aa84-4e72-aac8-738d7cb05290/video.mpd
i8wrAkixfHc|https://cdn.byo.host/restricted/4294929430/94f23c4b-1721-4ffe-bfed-90f86d07611a/a2176e65-a740-49bd-9232-921643b774df/video.mpd
RuK7p8iO-o0|https://cdn.byo.host/restricted/4294929430/94f23c4b-1721-4ffe-bfed-90f86d07611a/6675737d-3595-4c22-81f3-4b99c2af6fda/video.mpd
SIYE9e-hcWU|https://cdn.byo.host/restricted/4294929430/94f23c4b-1721-4ffe-bfed-90f86d07611a/c1fbe441-aa53-4e47-8093-0c9bfd31e702/video.mpd
xRDAdruKDf0|https://cdn.byo.host/restricted/4294929430/94f23c4b-1721-4ffe-bfed-90f86d07611a/93fd3aa3-edfb-424d-b036-2fea04fcef2b/video.mpd
6ww-6Miuer4|https://cdn.byo.host/restricted/4294929430/94f23c4b-1721-4ffe-bfed-90f86d07611a/8d71ac15-8fce-41e7-8bd3-fdd02946a60d/video.mpd
95HP73Yemxo|https://cdn.byo.host/restricted/4294929430/94f23c4b-1721-4ffe-bfed-90f86d07611a/3f80a934-09eb-4dbb-b145-39e2e4da63b9/video.mpd
86P03RlegBM|https://cdn.byo.host/restricted/4294929430/94f23c4b-1721-4ffe-bfed-90f86d07611a/c21c9998-e858-4cc1-b2e2-a02ecba117ee/video.mpd
GyUlaHxsZqA|https://cdn.byo.host/restricted/4294929430/94f23c4b-1721-4ffe-bfed-90f86d07611a/ff21ec05-5e52-4f0a-a085-34098aaaf0ed/video.mpd
RBVrlICYfsI|https://cdn.byo.host/restricted/4294929430/94f23c4b-1721-4ffe-bfed-90f86d07611a/5e8ad12c-89af-4362-8664-5e417f7b688d/video.mpd
30vTc1SOt_w|https://cdn.byo.host/restricted/4294929430/94f23c4b-1721-4ffe-bfed-90f86d07611a/0304359f-40de-4d84-abdf-f8d8362c7571/video.mpd
wEhOZJ55Ve8|https://cdn.byo.host/restricted/4294929430/94f23c4b-1721-4ffe-bfed-90f86d07611a/c8ffb05e-5837-4c57-b365-002e13e18bc5/video.mpd
k-vm3ZWnMWk|https://cdn.byo.host/restricted/4294929430/94f23c4b-1721-4ffe-bfed-90f86d07611a/db065c63-b47d-4b7c-818f-a3f13c5a1dc7/video.mpd
ZYSOsZSyME0|https://cdn.byo.host/restricted/4294929430/94f23c4b-1721-4ffe-bfed-90f86d07611a/02872ffc-a9fb-410f-8325-920d316d2d6c/video.mpd
g4SjaZb1AIM|https://cdn.byo.host/restricted/4294929430/94f23c4b-1721-4ffe-bfed-90f86d07611a/6a952d90-a452-484b-896d-830e66a7c4f5/video.mpd
ihQyEkLYtP8|https://cdn.byo.host/restricted/4294929430/94f23c4b-1721-4ffe-bfed-90f86d07611a/51c5823e-52b9-485f-a9ce-d4ca268172bc/video.mpd
HGGa9drcClI|https://cdn.byo.host/restricted/4294929430/94f23c4b-1721-4ffe-bfed-90f86d07611a/06f7a6e0-8039-4d2c-88f2-2f205da2ded3/video.mpd
3WRgikuVZpQ|https://cdn.byo.host/restricted/4294929430/94f23c4b-1721-4ffe-bfed-90f86d07611a/b490159c-a967-4cd2-9fb7-0e3d36c9cffb/video.mpd
8uQgiv_Uy7w|https://cdn.byo.host/restricted/4294929430/94f23c4b-1721-4ffe-bfed-90f86d07611a/31b41a48-f42c-40f3-851a-2b809d412c86/video.mpd
LCrs-HeXrug|https://cdn.byo.host/restricted/4294929430/94f23c4b-1721-4ffe-bfed-90f86d07611a/f4763b57-c099-423e-8fdb-afe302b54bcf/video.mpd
FXsKNBzPdd4|https://cdn.byo.host/restricted/4294929430/94f23c4b-1721-4ffe-bfed-90f86d07611a/9d10e1bc-f5e4-4962-9f42-593036bc4585/video.mpd
XoxGOL-Ow9w|https://cdn.byo.host/restricted/4294929430/94f23c4b-1721-4ffe-bfed-90f86d07611a/0190d75e-7b41-461c-9f6f-a3103652711c/video.mpd
XJXsIeqOKT0|https://cdn.byo.host/restricted/4294929430/94f23c4b-1721-4ffe-bfed-90f86d07611a/bdd89800-2c1b-4375-8ce2-344b98f32612/video.mpd
gUpKta9yfCk|https://cdn.byo.host/restricted/4294929430/94f23c4b-1721-4ffe-bfed-90f86d07611a/57e6f1f9-a5e7-4b1e-9e51-c7e58a2a8b1a/video.mpd
UvUd4D3pjlU|https://cdn.byo.host/restricted/4294929430/94f23c4b-1721-4ffe-bfed-90f86d07611a/07561061-94d9-4a7c-8e6a-cde5e511a228/video.mpd
2D1kaTBUoAk|https://cdn.byo.host/restricted/4294929430/94f23c4b-1721-4ffe-bfed-90f86d07611a/775aa96c-55d0-4961-b5fb-d869cdc73ba2/video.mpd
UdPpxIjvu0I|https://cdn.byo.host/restricted/4294929430/94f23c4b-1721-4ffe-bfed-90f86d07611a/166c082a-e3c6-4123-866f-eb55530432e2/video.mpd
ydgrFa3_MCs|https://cdn.byo.host/restricted/4294929430/94f23c4b-1721-4ffe-bfed-90f86d07611a/0bd2c663-86a1-47e4-a174-ac9ceb7cbf65/video.mpd
CmqbMwRK8KA|https://cdn.byo.host/restricted/4294929430/94f23c4b-1721-4ffe-bfed-90f86d07611a/73e28ed7-6170-43b0-9536-db38fc13f416/video.mpd
nZlEjDLJCmg|https://cdn.byo.host/restricted/4294929430/94f23c4b-1721-4ffe-bfed-90f86d07611a/bef70a95-309c-42c5-9d7e-f3f8fc83b203/video.mpd
F_JNRpbqJtk|https://cdn.byo.host/restricted/4294929430/94f23c4b-1721-4ffe-bfed-90f86d07611a/357cd9e4-a16f-41af-b2d7-853469b513d5/video.mpd
rz3UdLEWQ60|https://cdn.byo.host/restricted/4294929430/94f23c4b-1721-4ffe-bfed-90f86d07611a/dd5ed5d3-5db5-4258-be43-8fc1e99f69ca/video.mpd
3_RLz0whDv4|https://cdn.byo.host/restricted/4294929430/94f23c4b-1721-4ffe-bfed-90f86d07611a/8d05a4db-e4fd-46ef-8274-2be16c82539a/video.mpd
QQOxB_ylkvs|https://cdn.byo.host/restricted/4294929430/94f23c4b-1721-4ffe-bfed-90f86d07611a/f2a17868-6c34-4f36-8d4f-1dc341ce9982/video.mpd
UnMULQDHIjk|https://cdn.byo.host/restricted/4294929430/94f23c4b-1721-4ffe-bfed-90f86d07611a/92e7f5bb-21b9-4879-9977-5b4516ce9faf/video.mpd
x7SAecAIeMI|https://cdn.byo.host/restricted/4294929430/94f23c4b-1721-4ffe-bfed-90f86d07611a/f9059e2b-d5c3-49dc-91ba-4147e094eac2/video.mpd
L8Y7Q1eja-E|https://cdn.byo.host/restricted/4294929430/94f23c4b-1721-4ffe-bfed-90f86d07611a/bf0541ed-4893-41b1-adcc-309bb1a91b2d/video.mpd
bqBxbMWd8O0|https://cdn.byo.host/restricted/4294929430/94f23c4b-1721-4ffe-bfed-90f86d07611a/f453a292-0647-4425-bf2c-389ab038d566/video.mpd
a4DQQe5p5gc|https://cdn.byo.host/restricted/4294929430/94f23c4b-1721-4ffe-bfed-90f86d07611a/74628eef-75a1-432f-b6a1-a4cffffb63ee/video.mpd
fpAObF1B_sI|https://cdn.byo.host/restricted/4294929430/94f23c4b-1721-4ffe-bfed-90f86d07611a/6dcad1bc-f984-45a7-a823-6d01c855d650/video.mpd
Zm6X77ShHa8|https://cdn.byo.host/restricted/4294929430/94f23c4b-1721-4ffe-bfed-90f86d07611a/a410501c-370f-4042-89ef-7cc485ca01e0/video.mpd
1o3_w0Ypb78|https://cdn.byo.host/restricted/4294929430/94f23c4b-1721-4ffe-bfed-90f86d07611a/58eb69ec-f1bd-4d52-adab-3f6eec6cd13a/video.mpd
cxxLU8ZtMH4|https://cdn.byo.host/restricted/4294929430/94f23c4b-1721-4ffe-bfed-90f86d07611a/02b010f9-bd8d-4301-8528-7a37f0147844/video.mpd
E6bVBH9y5O8|https://cdn.byo.host/restricted/4294929430/94f23c4b-1721-4ffe-bfed-90f86d07611a/5f1731cd-6657-416e-8007-28901c5bb67d/video.mpd
biNMRQJXvfs|https://cdn.byo.host/restricted/4294929430/94f23c4b-1721-4ffe-bfed-90f86d07611a/d2023a10-358b-487c-9e65-3e92618d6e88/video.mpd
6jkN50X9gZc|https://cdn.byo.host/restricted/4294929430/94f23c4b-1721-4ffe-bfed-90f86d07611a/edbc6df2-4ae2-4dde-b85d-006cf7797d12/video.mpd
f2evaLaDvCI|https://cdn.byo.host/restricted/4294929430/94f23c4b-1721-4ffe-bfed-90f86d07611a/51fa8a4a-1894-4cb1-a3e0-3f39384d1455/video.mpd
f0oc4gUCOQI|https://cdn.byo.host/restricted/4294929430/94f23c4b-1721-4ffe-bfed-90f86d07611a/c6f26b0f-ac10-4f6d-9a1f-1a3ef19777b5/video.mpd
5_8h_Pwy15s|https://cdn.byo.host/restricted/4294929430/94f23c4b-1721-4ffe-bfed-90f86d07611a/0c6c342d-6c17-42db-bcc0-52ae89e5504e/video.mpd
0HdMtR5AkQ8|https://cdn.byo.host/restricted/4294929430/94f23c4b-1721-4ffe-bfed-90f86d07611a/fa4f1f6c-47ac-438c-85c0-aba13c71e7bb/video.mpd
hphdsLcSTYQ|https://cdn.byo.host/restricted/4294929430/94f23c4b-1721-4ffe-bfed-90f86d07611a/4fc9f639-1944-4913-81e1-b619f8209cd9/video.mpd
PX1Rc0xlUpk|https://cdn.byo.host/restricted/4294929430/94f23c4b-1721-4ffe-bfed-90f86d07611a/388b6f28-1137-47a7-bfa0-bb3e1678c133/video.mpd
z9gHuAwxwAs|https://cdn.byo.host/restricted/4294929430/94f23c4b-1721-4ffe-bfed-90f86d07611a/79ba73da-01cd-4694-a061-9213ff5a5f4b/video.mpd
LnnDOMyZjbE|https://cdn.byo.host/restricted/4294929430/94f23c4b-1721-4ffe-bfed-90f86d07611a/e944da97-0f46-4e4d-90e6-2056fb86d901/video.mpd
y2euBvdP28c|https://cdn.byo.host/restricted/4294929430/94f23c4b-1721-4ffe-bfed-90f86d07611a/4bc5bb3e-5d0a-464e-9450-ae7077fab35c/video.mpd
UXUkameA0r8|https://cdn.byo.host/restricted/4294929430/94f23c4b-1721-4ffe-bfed-90f86d07611a/aaf8e089-5dc3-4abc-ba73-3c05551b95ac/video.mpd
ffjIyms1BX4|https://cdn.byo.host/restricted/4294929430/94f23c4b-1721-4ffe-bfed-90f86d07611a/75d50a55-8e16-43e5-bac2-47417680a217/video.mpd
Fjbx5Xq_ULc|https://cdn.byo.host/restricted/4294929430/94f23c4b-1721-4ffe-bfed-90f86d07611a/733ecd03-81b1-4037-bde6-a7d1f8ed3d22/video.mpd
7mG7RH2XY-g|https://cdn.byo.host/restricted/4294929430/94f23c4b-1721-4ffe-bfed-90f86d07611a/eaf3f211-89f4-4c10-a1d9-bb55ea767c89/video.mpd
NKpsEbf4GRg|https://cdn.byo.host/restricted/4294929430/94f23c4b-1721-4ffe-bfed-90f86d07611a/16175d89-af8f-4144-a302-97ff4fca0f70/video.mpd
GkumBTzW9HY|https://cdn.byo.host/restricted/4294929430/94f23c4b-1721-4ffe-bfed-90f86d07611a/1bb7a0af-0330-4f87-97d2-e78123494dd1/video.mpd
vGtLzK_TAus|https://cdn.byo.host/restricted/4294929430/94f23c4b-1721-4ffe-bfed-90f86d07611a/dcaaaccf-5777-445c-b8d6-a23f1460a921/video.mpd
NiNaBIN9TlU|https://cdn.byo.host/restricted/4294929430/94f23c4b-1721-4ffe-bfed-90f86d07611a/d1f3fbba-66de-4a48-ad8f-e9b5fd3ca413/video.mpd
rBxPQX77QNo|https://cdn.byo.host/restricted/4294929430/94f23c4b-1721-4ffe-bfed-90f86d07611a/0fad441b-0fb9-4ab1-8763-515dae02e7c5/video.mpd
dOI6Ivr0xjg|https://cdn.byo.host/restricted/4294929430/94f23c4b-1721-4ffe-bfed-90f86d07611a/0e0bc011-c7c4-4289-ad1c-3b22d54b3046/video.mpd
yoAJDYHioHU|https://cdn.byo.host/restricted/4294929430/94f23c4b-1721-4ffe-bfed-90f86d07611a/f22258a8-2e91-4f3e-95fa-0cfb9fb8239e/video.mpd
I2TWU52tYJY|https://cdn.byo.host/restricted/4294929430/94f23c4b-1721-4ffe-bfed-90f86d07611a/1fc78cbd-ae80-40de-88d8-7f40eaed73fa/video.mpd
gv0rxYZfkfA|https://cdn.byo.host/restricted/4294929430/94f23c4b-1721-4ffe-bfed-90f86d07611a/09d6c87f-2f13-4d80-a5d9-e5679b7c4d2a/video.mpd
iCT4BtjlGks|https://cdn.byo.host/restricted/4294929430/94f23c4b-1721-4ffe-bfed-90f86d07611a/579dba1e-3b5a-4b2b-abb7-d9a6d10d7423/video.mpd
2PkwuKEmUCE|https://cdn.byo.host/restricted/4294929430/94f23c4b-1721-4ffe-bfed-90f86d07611a/8e76bf63-c368-454a-8dfd-87847360433a/video.mpd
QUCT90DyBh0|https://cdn.byo.host/restricted/4294929430/94f23c4b-1721-4ffe-bfed-90f86d07611a/bfba3052-d36f-479d-9b6a-28c52341d660/video.mpd
6JhabPdwWmk|https://cdn.byo.host/restricted/4294929430/94f23c4b-1721-4ffe-bfed-90f86d07611a/f4e4f07c-b08b-4438-bcc7-6a26f7b523fe/video.mpd
kqjXhr-PrXQ|https://cdn.byo.host/restricted/4294929430/94f23c4b-1721-4ffe-bfed-90f86d07611a/a0aa7fed-b04b-4ca9-b9d7-4d0b8b8be0e4/video.mpd
1rL4k9Rjbuc|https://cdn.byo.host/restricted/4294929430/94f23c4b-1721-4ffe-bfed-90f86d07611a/6b278507-021f-4141-b3b9-e8abe49f2213/video.mpd
SAEiJOQr2Ic|https://cdn.byo.host/restricted/4294929430/94f23c4b-1721-4ffe-bfed-90f86d07611a/e606affb-131f-4630-82e6-9567f2e19053/video.mpd
-H9zm0Tdpco|https://cdn.byo.host/restricted/4294929430/94f23c4b-1721-4ffe-bfed-90f86d07611a/1087ff9d-0573-4d0b-b235-7929fdf84408/video.mpd
8Dy5qGQguak|https://cdn.byo.host/restricted/4294929430/94f23c4b-1721-4ffe-bfed-90f86d07611a/dafb79b9-74fb-41db-8c8a-f1260568d5a2/video.mpd
TPXaA8druRE|https://cdn.byo.host/restricted/4294929430/94f23c4b-1721-4ffe-bfed-90f86d07611a/d3444d1e-4c81-45ca-b5e3-180d54607823/video.mpd
